čáp černý
	dospělci: 1
	rybníky: 1
čírka modrá
	dospělci: 2
	rybníky: 1
hohol severní
	dospělci: 6
	rybníky: 3
husa velká
	dospělci: 34
	rybníky: 10
hvízdák euroasijský
	dospělci: 1
	rybníky: 1
kachna divoká
	dospělci: 293
	rybníky: 26
kopřivka obecná
	dospělci: 52
	rybníky: 11
kormorán velký
	dospělci: 2
	rybníky: 2
kvakoš noční
	dospělci: 1
	rybníky: 1
labuť velká
	dospělci: 52
	rybníky: 16
ledňáček říční
	dospělci: 1
	rybníky: 1
lyska černá
	dospělci: 34
	rybníky: 10
lžíčák pestrý
	dospělci: 2
	rybníky: 1
moták pochop
	dospělci: 4
	rybníky: 4
orel mořský
	dospělci: 1
	rybníky: 1
ostralka štíhlá
	dospělci: 1
	rybníky: 1
pisík obecký
	dospělci: 1
	rybníky: 1
polák chocholačka
	dospělci: 81
	rybníky: 11
polák velký
	dospělci: 86
	rybníky: 9
potápka malá
	dospělci: 2
	rybníky: 2
potápka roháč
	dospělci: 51
	rybníky: 12
racek bělohlavý
	dospělci: 6
	rybníky: 4
racek chechtavý
	dospělci: 14
	rybníky: 4
rybák obecný
	dospělci: 7
	rybníky: 1
volavka bílá
	dospělci: 14
	rybníky: 5
volavka popelavá
	dospělci: 18
	rybníky: 12
zrzohlávka rudozobá
	dospělci: 18
	rybníky: 9

                   DRUH  DOSPĚLCŮ  RYBNÍKŮ
0             čáp černý         1        1
1           čírka modrá         2        1
2         hohol severní         6        3
3            husa velká        34       10
4   hvízdák euroasijský         1        1
5         kachna divoká       293       26
6       kopřivka obecná        52       11
7        kormorán velký         2        2
8          kvakoš noční         1        1
9           labuť velká        52       16
10       ledňáček říční         1        1
11          lyska černá        34       10
12        lžíčák pestrý         2        1
13         moták pochop         4        4
14          orel mořský         1        1
15      ostralka štíhlá         1        1
16         pisík obecký         1        1
17    polák chocholačka        81       11
18          polák velký        86        9
19         potápka malá         2        2
20        potápka roháč        51       12
21      racek bělohlavý         6        4
22      racek chechtavý        14        4
23         rybák obecný         7        1
24         volavka bílá        14        5
25     volavka popelavá        18       12
26  zrzohlávka rudozobá        18        9
