iloc[0]:
pořadí                       1
název      Philosopher's Stone
rok                       2001
režisér         Chris Columbus
tržby          $1,006,968,171 
Name: 0, dtype: object

iloc[-1]:
pořadí                           7b
název      Deathly Hallows – Part 2
rok                            2011
režisér                 David Yates
tržby                $1,342,321,665
Name: 7, dtype: object

iloc[::2]:
  pořadí                     název   rok         režisér            tržby
0      1       Philosopher's Stone  2001  Chris Columbus  $1,006,968,171 
2      3       Prisoner of Azkaban  2004  Alfonso Cuarón     $797,361,618
4      5      Order of the Phoenix  2007     David Yates    $942,172,396 
6     7a  Deathly Hallows – Part 1  2010     David Yates     $977,043,483
