stream: <http.client.HTTPResponse object at 0xb74f360c>

['__abstractmethods__', '__class__', '__delattr__', '__doc__', '__enter__',
 '__eq__', '__exit__', '__format__', '__ge__', '__getattribute__', '__gt__',
 '__hash__', '__init__', '__iter__', '__le__', '__lt__', '__module__',
 '__ne__', '__new__', '__next__', '__reduce__', '__reduce_ex__', '__repr__',
 '__setattr__', '__sizeof__', '__str__', '__subclasshook__', '_abc_cache',
 '_abc_negative_cache', '_abc_negative_cache_version', '_abc_registry',
 '_checkClosed', '_checkReadable', '_checkSeekable', '_checkWritable',
 '_check_close', '_read_chunked', '_read_status', '_safe_read', 'begin',
 'close', 'closed', 'fileno', 'flush', 'getcode', 'getheader', 'getheaders',
 'geturl', 'info', 'isatty', 'isclosed', 'read', 'readable', 'readall',
 'readline', 'readlines', 'seek', 'seekable', 'tell', 'truncate', 'writable',
 'writelines']

Is stream closed? False

HTTP headers: [('Date', 'Mon, 02 May 2011 11:11:55 GMT'),
               ('Server', 'Apache/2.2.14 (Ubuntu)'),
               ('Last-Modified', 'Mon, 07 Mar 2011 12:41:38 GMT'),
               ('ETag', '"22e9fe-76e-49de3d1182480"'),
               ('Accept-Ranges', 'bytes'),
               ('Content-Length', '1902'),
               ('Connection', 'close'),
               ('Content-Type', 'image/x-icon'),
               ('X-Pad', 'avoid browser bug')]

HTTP return code: 200

Real URL: http://vyuka.hotaru/favicon.ico

Info:
 Date: Mon, 02 May 2011 11:11:55 GMT
Server: Apache/2.2.14 (Ubuntu)
Last-Modified: Mon, 07 Mar 2011 12:41:38 GMT
ETag: "22e9fe-76e-49de3d1182480"
Accept-Ranges: bytes
Content-Length: 1902
Connection: close
Content-Type: image/x-icon
X-Pad: avoid browser bug


Is stream closed? True
