__class__ : <class '__main__.Školák'>
__delattr__ : <method-wrapper '__delattr__' of Školák object at 0x193d350>
__dict__ : {'jméno': 'Алиса Селезнева', 'třída': '3. A', 'předměty': {'zeměpis': 1, 'matematika': 1}, 'datum_narození': '2065-11-17', 'krevní_skupina': '0'}
__doc__ : Objektová reprezentace školáka.
__eq__ : <method-wrapper '__eq__' of Školák object at 0x193d350>
__format__ : <built-in method __format__ of Školák object at 0x193d350>
__ge__ : <method-wrapper '__ge__' of Školák object at 0x193d350>
__getattribute__ : <method-wrapper '__getattribute__' of Školák object at 0x193d350>
__gt__ : <method-wrapper '__gt__' of Školák object at 0x193d350>
__hash__ : <method-wrapper '__hash__' of Školák object at 0x193d350>
__init__ : <bound method Školák.__init__ of <__main__.Školák object at 0x193d350>>
__le__ : <method-wrapper '__le__' of Školák object at 0x193d350>
__lt__ : <method-wrapper '__lt__' of Školák object at 0x193d350>
__module__ : __main__
__ne__ : <method-wrapper '__ne__' of Školák object at 0x193d350>
__new__ : <built-in method __new__ of type object at 0x84aea0>
__reduce__ : <built-in method __reduce__ of Školák object at 0x193d350>
__reduce_ex__ : <built-in method __reduce_ex__ of Školák object at 0x193d350>
__repr__ : <method-wrapper '__repr__' of Školák object at 0x193d350>
__setattr__ : <method-wrapper '__setattr__' of Školák object at 0x193d350>
__sizeof__ : <built-in method __sizeof__ of Školák object at 0x193d350>
__str__ : <method-wrapper '__str__' of Školák object at 0x193d350>
__subclasshook__ : <built-in method __subclasshook__ of type object at 0x184aa60>
__weakref__ : None
datum_narození : 2065-11-17
jméno : Алиса Селезнева
krevní_skupina : 0
průměrná_známka : <bound method Školák.průměrná_známka of <__main__.Školák object at 0x193d350>>
předměty : {'zeměpis': 1, 'matematika': 1}
přidej_školáka : <bound method type.přidej_školáka of <class '__main__.Školák'>>
třída : 3. A
školáků : 1
