.
['basics', 'structs', 'kruhovy_import', 'modul_inspect']
['random_effbot.out', 'os.walk.py', 'os.walk.in', 'os.walk.out', 'skola.out', 'foo.runable.pyz', 'skola.py', 'random_effbot.py']
. consumes 4376 bytes in 8 non-directory files

./basics
[]
['program.py', 'test-1.py', 'test-2.out', 'test-1.out', 'test-2.py']
./basics consumes 199 bytes in 5 non-directory files

./structs
[]
['binary_buffer.py', 'binary_buffer.out']
./structs consumes 438 bytes in 2 non-directory files

./kruhovy_import
[]
['kruhem.out', 'kruhem.py']
./kruhovy_import consumes 80 bytes in 2 non-directory files

./modul_inspect
[]
['inspect.is.out', 'inspect.getmembers.2.out', 'inspect.formatargspec.out', 'inspect.getmembers.3.out', 'inspect.is.py', 'inspect.formatargspec.py', 'inspect.getmro.py', 'inspect.getmoduleinfo.out', 'inspect.getmembers.1.out', 'inspect.getfullargspec.out', 'inspect.getfullargspec.py', 'inspect.getmembers.2.py', 'inspect.getmoduleinfo.py', 'inspect.getmembers.3.py', 'inspect.getclasstree.py', 'inspect.getmro.out', 'inspect.getmembers.1.py', 'inspect.getclasstree.out']
./modul_inspect consumes 5843 bytes in 18 non-directory files

