# čisté načtení stránky
form: FieldStorage(None, None, [])
localhost.localdomain - - [05/Apr/2013 15:18:58]
                          "GET /wsgi.5.py HTTP/1.1" 200 455

# odeslání formuláře pouze s vyplněným textovým polem (text 'šachovnice')
form: FieldStorage(
        None,
        None,
        [
            FieldStorage('popis', None, 'šachovnice'),
            FieldStorage('soubor', '', b'')
        ]
      )
localhost.localdomain - - [05/Apr/2013 15:19:06]
                          "POST /wsgi.5.py HTTP/1.1" 200 545

# odeslání formuláře s vyplněným textovým polem ('šachovnice')
#                    i nahraným souborem ('sachovnice.png')
form: FieldStorage(
        None,
        None,
        [
            FieldStorage('popis', None, 'šachovnice'),
            FieldStorage('soubor', 'sachovnice.png', b'\x89PNG\r\n\x1a\n\x00\x00\x00\rIHDR\x00\x00\x00\x03\x00\x00\x00\x03\x08\x02\x00\x00\x00\xd9J"\xe8\x00\x00\x00\x1cIDATx\x9c%\xc3\xb1\r\x00\x00\x0c\xc3 >\xcf\xe9\xeeP$\x84_m\x83\x92\xd4\x01\xb4\xd2\rr\xa6|\xffu\x00\x00\x00\x00IEND\xaeB`\x82')
        ]
      )
localhost.localdomain - - [05/Apr/2013 15:19:19]
                          "POST /wsgi.5.py HTTP/1.1" 200 546
