     RYBNÍK            DRUH_CZ  SAMCI  SAMICE  DOSPĚLCI  MLÁĎATA
4      3133      kachna divoká      8       5        13     <NA>
8      3133  polák chocholačka      6       5        11     <NA>
9      3133    kopřivka obecná      1    <NA>         1     <NA>
13     3132      kachna divoká     14       5        19     <NA>
14     3132    kopřivka obecná      6       1         7     <NA>
..      ...                ...    ...     ...       ...      ...
157    3106      kachna divoká      2       1         3     <NA>
159    3107        labuť velká      1       1         2     <NA>
161    3107        polák velký      3    <NA>         3     <NA>
162    3107      kachna divoká     17       4        21     <NA>
163    3108          bez ptáků      0       0         0     <NA>

[79 rows x 6 columns]
     RYBNÍK            DRUH_CZ  SAMCI  SAMICE  DOSPĚLCI  MLÁĎATA
4      3133      kachna divoká      8       5        13        0
8      3133  polák chocholačka      6       5        11        0
9      3133    kopřivka obecná      1       0         1        0
13     3132      kachna divoká     14       5        19        0
14     3132    kopřivka obecná      6       1         7        0
..      ...                ...    ...     ...       ...      ...
157    3106      kachna divoká      2       1         3        0
159    3107        labuť velká      1       1         2        0
161    3107        polák velký      3       0         3        0
162    3107      kachna divoká     17       4        21        0
163    3108          bez ptáků      0       0         0        0

[79 rows x 6 columns]
4      True
8      True
9      True
13     True
14     True
       ... 
157    True
159    True
161    True
162    True
163    True
Length: 79, dtype: boolean

Výsledek: True
