df:
        rok  měsíc  den  T-AVG   TMA   TMI  SRA Flag
0      1775      1    1   -7.0  -4.8 -10.1  NaN  NaN
1      1775      1    2   -2.2  -1.4  -5.8  NaN  NaN
2      1775      1    3   -1.0   0.6  -2.2  NaN  NaN
3      1775      1    4    0.1   2.5  -3.6  NaN  NaN
4      1775      1    5    2.2   3.0   1.6  NaN  NaN
...     ...    ...  ...    ...   ...   ...  ...  ...
90940  2023     12   27    6.5   9.2   5.3  0.0  NaN
90941  2023     12   28    8.5  11.1   2.4  0.0  NaN
90942  2023     12   29   10.7  12.1   8.7  0.0  NaN
90943  2023     12   30    8.4  11.0   7.4  0.0  NaN
90944  2023     12   31    4.7   7.4   2.6  0.6  NaN

[90945 rows x 8 columns]

df.info():
<class 'pandas.core.frame.DataFrame'>
RangeIndex: 90945 entries, 0 to 90944
Data columns (total 8 columns):
 #   Column  Non-Null Count  Dtype  
---  ------  --------------  -----  
 0   rok     90945 non-null  int64  
 1   měsíc   90945 non-null  int64  
 2   den     90945 non-null  int64  
 3   T-AVG   90945 non-null  float64
 4   TMA     90945 non-null  float64
 5   TMI     90945 non-null  float64
 6   SRA     80202 non-null  float64
 7   Flag    6022 non-null   object 
dtypes: float64(4), int64(3), object(1)
memory usage: 5.6+ MB

df.describe():
                rok         měsíc  ...           TMI           SRA
count  90945.000000  90945.000000  ...  90945.000000  80202.000000
mean    1899.000396      6.523041  ...      6.289698      1.292329
std       71.879767      3.448691  ...      7.556043      3.635484
min     1775.000000      1.000000  ...    -27.600000      0.000000
25%     1837.000000      4.000000  ...      1.000000      0.000000
50%     1899.000000      7.000000  ...      6.400000      0.000000
75%     1961.000000     10.000000  ...     12.600000      0.800000
max     2023.000000     12.000000  ...     24.500000     90.000000

[8 rows x 7 columns]
